Unparsed: SgFunctionDeclaration extern int __finite(double );
          SgFunctionDeclaration SgFunctionParameterList SgInitializedName 
Unparsed: SgFunctionParameterList 
          SgFunctionParameterList SgInitializedName 
Unparsed: SgInitializedName 
          SgInitializedName 
Unparsed: SgFunctionDeclaration extern int __finitef(float );
          SgFunctionDeclaration SgFunctionParameterList SgInitializedName 
Unparsed: SgFunctionParameterList 
          SgFunctionParameterList SgInitializedName 
Unparsed: SgInitializedName 
          SgInitializedName 
Unparsed: SgFunctionDeclaration extern int __finitel(long double );
          SgFunctionDeclaration SgFunctionParameterList SgInitializedName 
Unparsed: SgFunctionParameterList 
          SgFunctionParameterList SgInitializedName 
Unparsed: SgInitializedName 
          SgInitializedName 
Unparsed: SgFunctionDeclaration extern double acos(double );
          SgFunctionDeclaration SgFunctionParameterList SgInitializedName 
Unparsed: SgFunctionParameterList 
          SgFunctionParameterList SgInitializedName 
Unparsed: SgInitializedName 
          SgInitializedName 
Unparsed: SgFunctionDeclaration extern double asin(double );
          SgFunctionDeclaration SgFunctionParameterList SgInitializedName 
Unparsed: SgFunctionParameterList 
          SgFunctionParameterList SgInitializedName 
Unparsed: SgInitializedName 
          SgInitializedName 
Unparsed: SgFunctionDeclaration extern float acosf(float );
          SgFunctionDeclaration SgFunctionParameterList SgInitializedName 
Unparsed: SgFunctionParameterList 
          SgFunctionParameterList SgInitializedName 
Unparsed: SgInitializedName 
          SgInitializedName 
Unparsed: SgFunctionDeclaration extern long double acosl(long double );
          SgFunctionDeclaration SgFunctionParameterList SgInitializedName 
Unparsed: SgFunctionParameterList 
          SgFunctionParameterList SgInitializedName 
Unparsed: SgInitializedName 
          SgInitializedName 
Unparsed: SgFunctionDeclaration extern double atan(double );
          SgFunctionDeclaration SgFunctionParameterList SgInitializedName 
Unparsed: SgFunctionParameterList 
          SgFunctionParameterList SgInitializedName 
Unparsed: SgInitializedName 
          SgInitializedName 
Unparsed: SgFunctionDeclaration extern float asinf(float );
          SgFunctionDeclaration SgFunctionParameterList SgInitializedName 
Unparsed: SgFunctionParameterList 
          SgFunctionParameterList SgInitializedName 
Unparsed: SgInitializedName 
          SgInitializedName 
Unparsed: SgFunctionDeclaration extern long double asinl(long double );
          SgFunctionDeclaration SgFunctionParameterList SgInitializedName 
Unparsed: SgFunctionParameterList 
          SgFunctionParameterList SgInitializedName 
Unparsed: SgInitializedName 
          SgInitializedName 
Unparsed: SgFunctionDeclaration extern double atan2(double ,double );
          SgFunctionDeclaration SgFunctionParameterList SgInitializedName SgInitializedName 
Unparsed: SgFunctionParameterList 
          SgFunctionParameterList SgInitializedName SgInitializedName 
Unparsed: SgInitializedName 
          SgInitializedName 
Unparsed: SgInitializedName 
          SgInitializedName 
Unparsed: SgFunctionDeclaration extern float atanf(float );
          SgFunctionDeclaration SgFunctionParameterList SgInitializedName 
Unparsed: SgFunctionParameterList 
          SgFunctionParameterList SgInitializedName 
Unparsed: SgInitializedName 
          SgInitializedName 
Unparsed: SgFunctionDeclaration extern long double atanl(long double );
          SgFunctionDeclaration SgFunctionParameterList SgInitializedName 
Unparsed: SgFunctionParameterList 
          SgFunctionParameterList SgInitializedName 
Unparsed: SgInitializedName 
          SgInitializedName 
Unparsed: SgFunctionDeclaration extern double cos(double );
          SgFunctionDeclaration SgFunctionParameterList SgInitializedName 
Unparsed: SgFunctionParameterList 
          SgFunctionParameterList SgInitializedName 
Unparsed: SgInitializedName 
          SgInitializedName 
Unparsed: SgFunctionDeclaration extern float atan2f(float ,float );
          SgFunctionDeclaration SgFunctionParameterList SgInitializedName SgInitializedName 
Unparsed: SgFunctionParameterList 
          SgFunctionParameterList SgInitializedName SgInitializedName 
Unparsed: SgInitializedName 
          SgInitializedName 
Unparsed: SgInitializedName 
          SgInitializedName 
Unparsed: SgFunctionDeclaration extern long double atan2l(long double ,long double );
          SgFunctionDeclaration SgFunctionParameterList SgInitializedName SgInitializedName 
Unparsed: SgFunctionParameterList 
          SgFunctionParameterList SgInitializedName SgInitializedName 
Unparsed: SgInitializedName 
          SgInitializedName 
Unparsed: SgInitializedName 
          SgInitializedName 
Unparsed: SgFunctionDeclaration extern double sin(double );
          SgFunctionDeclaration SgFunctionParameterList SgInitializedName 
Unparsed: SgFunctionParameterList 
          SgFunctionParameterList SgInitializedName 
Unparsed: SgInitializedName 
          SgInitializedName 
Unparsed: SgFunctionDeclaration extern float cosf(float );
          SgFunctionDeclaration SgFunctionParameterList SgInitializedName 
Unparsed: SgFunctionParameterList 
          SgFunctionParameterList SgInitializedName 
Unparsed: SgInitializedName 
          SgInitializedName 
Unparsed: SgFunctionDeclaration extern long double cosl(long double );
          SgFunctionDeclaration SgFunctionParameterList SgInitializedName 
Unparsed: SgFunctionParameterList 
          SgFunctionParameterList SgInitializedName 
Unparsed: SgInitializedName 
          SgInitializedName 
Unparsed: SgFunctionDeclaration extern double tan(double );
          SgFunctionDeclaration SgFunctionParameterList SgInitializedName 
Unparsed: SgFunctionParameterList 
          SgFunctionParameterList SgInitializedName 
Unparsed: SgInitializedName 
          SgInitializedName 
Unparsed: SgFunctionDeclaration extern float sinf(float );
          SgFunctionDeclaration SgFunctionParameterList SgInitializedName 
Unparsed: SgFunctionParameterList 
          SgFunctionParameterList SgInitializedName 
Unparsed: SgInitializedName 
          SgInitializedName 
Unparsed: SgFunctionDeclaration extern long double sinl(long double );
          SgFunctionDeclaration SgFunctionParameterList SgInitializedName 
Unparsed: SgFunctionParameterList 
          SgFunctionParameterList SgInitializedName 
Unparsed: SgInitializedName 
          SgInitializedName 
Unparsed: SgFunctionDeclaration extern double cosh(double );
          SgFunctionDeclaration SgFunctionParameterList SgInitializedName 
Unparsed: SgFunctionParameterList 
          SgFunctionParameterList SgInitializedName 
Unparsed: SgInitializedName 
          SgInitializedName 
Unparsed: SgFunctionDeclaration extern float tanf(float );
          SgFunctionDeclaration SgFunctionParameterList SgInitializedName 
Unparsed: SgFunctionParameterList 
          SgFunctionParameterList SgInitializedName 
Unparsed: SgInitializedName 
          SgInitializedName 
Unparsed: SgFunctionDeclaration extern long double tanl(long double );
          SgFunctionDeclaration SgFunctionParameterList SgInitializedName 
Unparsed: SgFunctionParameterList 
          SgFunctionParameterList SgInitializedName 
Unparsed: SgInitializedName 
          SgInitializedName 
Unparsed: SgFunctionDeclaration extern double sinh(double );
          SgFunctionDeclaration SgFunctionParameterList SgInitializedName 
Unparsed: SgFunctionParameterList 
          SgFunctionParameterList SgInitializedName 
Unparsed: SgInitializedName 
          SgInitializedName 
Unparsed: SgFunctionDeclaration extern float coshf(float );
          SgFunctionDeclaration SgFunctionParameterList SgInitializedName 
Unparsed: SgFunctionParameterList 
          SgFunctionParameterList SgInitializedName 
Unparsed: SgInitializedName 
          SgInitializedName 
Unparsed: SgFunctionDeclaration extern long double coshl(long double );
          SgFunctionDeclaration SgFunctionParameterList SgInitializedName 
Unparsed: SgFunctionParameterList 
          SgFunctionParameterList SgInitializedName 
Unparsed: SgInitializedName 
          SgInitializedName 
Unparsed: SgFunctionDeclaration extern double tanh(double );
          SgFunctionDeclaration SgFunctionParameterList SgInitializedName 
Unparsed: SgFunctionParameterList 
          SgFunctionParameterList SgInitializedName 
Unparsed: SgInitializedName 
          SgInitializedName 
Unparsed: SgFunctionDeclaration extern float sinhf(float );
          SgFunctionDeclaration SgFunctionParameterList SgInitializedName 
Unparsed: SgFunctionParameterList 
          SgFunctionParameterList SgInitializedName 
Unparsed: SgInitializedName 
          SgInitializedName 
Unparsed: SgFunctionDeclaration extern long double sinhl(long double );
          SgFunctionDeclaration SgFunctionParameterList SgInitializedName 
Unparsed: SgFunctionParameterList 
          SgFunctionParameterList SgInitializedName 
Unparsed: SgInitializedName 
          SgInitializedName 
Unparsed: SgFunctionDeclaration extern double acosh(double );
          SgFunctionDeclaration SgFunctionParameterList SgInitializedName 
Unparsed: SgFunctionParameterList 
          SgFunctionParameterList SgInitializedName 
Unparsed: SgInitializedName 
          SgInitializedName 
Unparsed: SgFunctionDeclaration extern float tanhf(float );
          SgFunctionDeclaration SgFunctionParameterList SgInitializedName 
Unparsed: SgFunctionParameterList 
          SgFunctionParameterList SgInitializedName 
Unparsed: SgInitializedName 
          SgInitializedName 
Unparsed: SgFunctionDeclaration extern long double tanhl(long double );
          SgFunctionDeclaration SgFunctionParameterList SgInitializedName 
Unparsed: SgFunctionParameterList 
          SgFunctionParameterList SgInitializedName 
Unparsed: SgInitializedName 
          SgInitializedName 
Unparsed: SgFunctionDeclaration extern double asinh(double );
          SgFunctionDeclaration SgFunctionParameterList SgInitializedName 
Unparsed: SgFunctionParameterList 
          SgFunctionParameterList SgInitializedName 
Unparsed: SgInitializedName 
          SgInitializedName 
Unparsed: SgFunctionDeclaration extern float acoshf(float );
          SgFunctionDeclaration SgFunctionParameterList SgInitializedName 
Unparsed: SgFunctionParameterList 
          SgFunctionParameterList SgInitializedName 
Unparsed: SgInitializedName 
          SgInitializedName 
Unparsed: SgFunctionDeclaration extern long double acoshl(long double );
          SgFunctionDeclaration SgFunctionParameterList SgInitializedName 
Unparsed: SgFunctionParameterList 
          SgFunctionParameterList SgInitializedName 
Unparsed: SgInitializedName 
          SgInitializedName 
Unparsed: SgFunctionDeclaration extern double atanh(double );
          SgFunctionDeclaration SgFunctionParameterList SgInitializedName 
Unparsed: SgFunctionParameterList 
          SgFunctionParameterList SgInitializedName 
Unparsed: SgInitializedName 
          SgInitializedName 
Unparsed: SgFunctionDeclaration extern float asinhf(float );
          SgFunctionDeclaration SgFunctionParameterList SgInitializedName 
Unparsed: SgFunctionParameterList 
          SgFunctionParameterList SgInitializedName 
Unparsed: SgInitializedName 
          SgInitializedName 
Unparsed: SgFunctionDeclaration extern long double asinhl(long double );
          SgFunctionDeclaration SgFunctionParameterList SgInitializedName 
Unparsed: SgFunctionParameterList 
          SgFunctionParameterList SgInitializedName 
Unparsed: SgInitializedName 
          SgInitializedName 
Unparsed: SgFunctionDeclaration extern double exp(double );
          SgFunctionDeclaration SgFunctionParameterList SgInitializedName 
Unparsed: SgFunctionParameterList 
          SgFunctionParameterList SgInitializedName 
Unparsed: SgInitializedName 
          SgInitializedName 
Unparsed: SgFunctionDeclaration extern float atanhf(float );
          SgFunctionDeclaration SgFunctionParameterList SgInitializedName 
Unparsed: SgFunctionParameterList 
          SgFunctionParameterList SgInitializedName 
Unparsed: SgInitializedName 
          SgInitializedName 
Unparsed: SgFunctionDeclaration extern long double atanhl(long double );
          SgFunctionDeclaration SgFunctionParameterList SgInitializedName 
Unparsed: SgFunctionParameterList 
          SgFunctionParameterList SgInitializedName 
Unparsed: SgInitializedName 
          SgInitializedName 
Unparsed: SgFunctionDeclaration extern double frexp(double ,int *);
          SgFunctionDeclaration SgFunctionParameterList SgInitializedName SgInitializedName 
Unparsed: SgFunctionParameterList 
          SgFunctionParameterList SgInitializedName SgInitializedName 
Unparsed: SgInitializedName 
          SgInitializedName 
Unparsed: SgInitializedName 
          SgInitializedName 
Unparsed: SgFunctionDeclaration extern float expf(float );
          SgFunctionDeclaration SgFunctionParameterList SgInitializedName 
Unparsed: SgFunctionParameterList 
          SgFunctionParameterList SgInitializedName 
Unparsed: SgInitializedName 
          SgInitializedName 
Unparsed: SgFunctionDeclaration extern long double expl(long double );
          SgFunctionDeclaration SgFunctionParameterList SgInitializedName 
Unparsed: SgFunctionParameterList 
          SgFunctionParameterList SgInitializedName 
Unparsed: SgInitializedName 
          SgInitializedName 
Unparsed: SgFunctionDeclaration extern double ldexp(double ,int );
          SgFunctionDeclaration SgFunctionParameterList SgInitializedName SgInitializedName 
Unparsed: SgFunctionParameterList 
          SgFunctionParameterList SgInitializedName SgInitializedName 
Unparsed: SgInitializedName 
          SgInitializedName 
Unparsed: SgInitializedName 
          SgInitializedName 
Unparsed: SgFunctionDeclaration extern float frexpf(float ,int *);
          SgFunctionDeclaration SgFunctionParameterList SgInitializedName SgInitializedName 
Unparsed: SgFunctionParameterList 
          SgFunctionParameterList SgInitializedName SgInitializedName 
Unparsed: SgInitializedName 
          SgInitializedName 
Unparsed: SgInitializedName 
          SgInitializedName 
Unparsed: SgFunctionDeclaration extern long double frexpl(long double ,int *);
          SgFunctionDeclaration SgFunctionParameterList SgInitializedName SgInitializedName 
Unparsed: SgFunctionParameterList 
          SgFunctionParameterList SgInitializedName SgInitializedName 
Unparsed: SgInitializedName 
          SgInitializedName 
Unparsed: SgInitializedName 
          SgInitializedName 
Unparsed: SgFunctionDeclaration extern double log(double );
          SgFunctionDeclaration SgFunctionParameterList SgInitializedName 
Unparsed: SgFunctionParameterList 
          SgFunctionParameterList SgInitializedName 
Unparsed: SgInitializedName 
          SgInitializedName 
Unparsed: SgFunctionDeclaration extern float ldexpf(float ,int );
          SgFunctionDeclaration SgFunctionParameterList SgInitializedName SgInitializedName 
Unparsed: SgFunctionParameterList 
          SgFunctionParameterList SgInitializedName SgInitializedName 
Unparsed: SgInitializedName 
          SgInitializedName 
Unparsed: SgInitializedName 
          SgInitializedName 
Unparsed: SgFunctionDeclaration extern long double ldexpl(long double ,int );
          SgFunctionDeclaration SgFunctionParameterList SgInitializedName SgInitializedName 
Unparsed: SgFunctionParameterList 
          SgFunctionParameterList SgInitializedName SgInitializedName 
Unparsed: SgInitializedName 
          SgInitializedName 
Unparsed: SgInitializedName 
          SgInitializedName 
Unparsed: SgFunctionDeclaration extern double log10(double );
          SgFunctionDeclaration SgFunctionParameterList SgInitializedName 
Unparsed: SgFunctionParameterList 
          SgFunctionParameterList SgInitializedName 
Unparsed: SgInitializedName 
          SgInitializedName 
Unparsed: SgFunctionDeclaration extern float logf(float );
          SgFunctionDeclaration SgFunctionParameterList SgInitializedName 
Unparsed: SgFunctionParameterList 
          SgFunctionParameterList SgInitializedName 
Unparsed: SgInitializedName 
          SgInitializedName 
Unparsed: SgFunctionDeclaration extern long double logl(long double );
          SgFunctionDeclaration SgFunctionParameterList SgInitializedName 
Unparsed: SgFunctionParameterList 
          SgFunctionParameterList SgInitializedName 
Unparsed: SgInitializedName 
          SgInitializedName 
Unparsed: SgFunctionDeclaration extern double modf(double ,double *);
          SgFunctionDeclaration SgFunctionParameterList SgInitializedName SgInitializedName 
Unparsed: SgFunctionParameterList 
          SgFunctionParameterList SgInitializedName SgInitializedName 
Unparsed: SgInitializedName 
          SgInitializedName 
Unparsed: SgInitializedName 
          SgInitializedName 
Unparsed: SgFunctionDeclaration extern float log10f(float );
          SgFunctionDeclaration SgFunctionParameterList SgInitializedName 
Unparsed: SgFunctionParameterList 
          SgFunctionParameterList SgInitializedName 
Unparsed: SgInitializedName 
          SgInitializedName 
Unparsed: SgFunctionDeclaration extern long double log10l(long double );
          SgFunctionDeclaration SgFunctionParameterList SgInitializedName 
Unparsed: SgFunctionParameterList 
          SgFunctionParameterList SgInitializedName 
Unparsed: SgInitializedName 
          SgInitializedName 
Unparsed: SgFunctionDeclaration extern double expm1(double );
          SgFunctionDeclaration SgFunctionParameterList SgInitializedName 
Unparsed: SgFunctionParameterList 
          SgFunctionParameterList SgInitializedName 
Unparsed: SgInitializedName 
          SgInitializedName 
Unparsed: SgFunctionDeclaration extern float modff(float ,float *);
          SgFunctionDeclaration SgFunctionParameterList SgInitializedName SgInitializedName 
Unparsed: SgFunctionParameterList 
          SgFunctionParameterList SgInitializedName SgInitializedName 
Unparsed: SgInitializedName 
          SgInitializedName 
Unparsed: SgInitializedName 
          SgInitializedName 
Unparsed: SgFunctionDeclaration extern long double modfl(long double ,long double *);
          SgFunctionDeclaration SgFunctionParameterList SgInitializedName SgInitializedName 
Unparsed: SgFunctionParameterList 
          SgFunctionParameterList SgInitializedName SgInitializedName 
Unparsed: SgInitializedName 
          SgInitializedName 
Unparsed: SgInitializedName 
          SgInitializedName 
Unparsed: SgFunctionDeclaration extern double log1p(double );
          SgFunctionDeclaration SgFunctionParameterList SgInitializedName 
Unparsed: SgFunctionParameterList 
          SgFunctionParameterList SgInitializedName 
Unparsed: SgInitializedName 
          SgInitializedName 
Unparsed: SgFunctionDeclaration extern float expm1f(float );
          SgFunctionDeclaration SgFunctionParameterList SgInitializedName 
Unparsed: SgFunctionParameterList 
          SgFunctionParameterList SgInitializedName 
Unparsed: SgInitializedName 
          SgInitializedName 
Unparsed: SgFunctionDeclaration extern long double expm1l(long double );
          SgFunctionDeclaration SgFunctionParameterList SgInitializedName 
Unparsed: SgFunctionParameterList 
          SgFunctionParameterList SgInitializedName 
Unparsed: SgInitializedName 
          SgInitializedName 
Unparsed: SgFunctionDeclaration extern double logb(double );
          SgFunctionDeclaration SgFunctionParameterList SgInitializedName 
Unparsed: SgFunctionParameterList 
          SgFunctionParameterList SgInitializedName 
Unparsed: SgInitializedName 
          SgInitializedName 
Unparsed: SgFunctionDeclaration extern float log1pf(float );
          SgFunctionDeclaration SgFunctionParameterList SgInitializedName 
Unparsed: SgFunctionParameterList 
          SgFunctionParameterList SgInitializedName 
Unparsed: SgInitializedName 
          SgInitializedName 
Unparsed: SgFunctionDeclaration extern long double log1pl(long double );
          SgFunctionDeclaration SgFunctionParameterList SgInitializedName 
Unparsed: SgFunctionParameterList 
          SgFunctionParameterList SgInitializedName 
Unparsed: SgInitializedName 
          SgInitializedName 
Unparsed: SgFunctionDeclaration extern double exp2(double );
          SgFunctionDeclaration SgFunctionParameterList SgInitializedName 
Unparsed: SgFunctionParameterList 
          SgFunctionParameterList SgInitializedName 
Unparsed: SgInitializedName 
          SgInitializedName 
Unparsed: SgFunctionDeclaration extern float logbf(float );
          SgFunctionDeclaration SgFunctionParameterList SgInitializedName 
Unparsed: SgFunctionParameterList 
          SgFunctionParameterList SgInitializedName 
Unparsed: SgInitializedName 
          SgInitializedName 
Unparsed: SgFunctionDeclaration extern long double logbl(long double );
          SgFunctionDeclaration SgFunctionParameterList SgInitializedName 
Unparsed: SgFunctionParameterList 
          SgFunctionParameterList SgInitializedName 
Unparsed: SgInitializedName 
          SgInitializedName 
Unparsed: SgFunctionDeclaration extern double log2(double );
          SgFunctionDeclaration SgFunctionParameterList SgInitializedName 
Unparsed: SgFunctionParameterList 
          SgFunctionParameterList SgInitializedName 
Unparsed: SgInitializedName 
          SgInitializedName 
Unparsed: SgFunctionDeclaration extern float exp2f(float );
          SgFunctionDeclaration SgFunctionParameterList SgInitializedName 
Unparsed: SgFunctionParameterList 
          SgFunctionParameterList SgInitializedName 
Unparsed: SgInitializedName 
          SgInitializedName 
Unparsed: SgFunctionDeclaration extern long double exp2l(long double );
          SgFunctionDeclaration SgFunctionParameterList SgInitializedName 
Unparsed: SgFunctionParameterList 
          SgFunctionParameterList SgInitializedName 
Unparsed: SgInitializedName 
          SgInitializedName 
Unparsed: SgFunctionDeclaration extern double pow(double ,double );
          SgFunctionDeclaration SgFunctionParameterList SgInitializedName SgInitializedName 
Unparsed: SgFunctionParameterList 
          SgFunctionParameterList SgInitializedName SgInitializedName 
Unparsed: SgInitializedName 
          SgInitializedName 
Unparsed: SgInitializedName 
          SgInitializedName 
Unparsed: SgFunctionDeclaration extern float log2f(float );
          SgFunctionDeclaration SgFunctionParameterList SgInitializedName 
Unparsed: SgFunctionParameterList 
          SgFunctionParameterList SgInitializedName 
Unparsed: SgInitializedName 
          SgInitializedName 
Unparsed: SgFunctionDeclaration extern long double log2l(long double );
          SgFunctionDeclaration SgFunctionParameterList SgInitializedName 
Unparsed: SgFunctionParameterList 
          SgFunctionParameterList SgInitializedName 
Unparsed: SgInitializedName 
          SgInitializedName 
Unparsed: SgFunctionDeclaration extern double sqrt(double );
          SgFunctionDeclaration SgFunctionParameterList SgInitializedName 
Unparsed: SgFunctionParameterList 
          SgFunctionParameterList SgInitializedName 
Unparsed: SgInitializedName 
          SgInitializedName 
Unparsed: SgFunctionDeclaration extern float powf(float ,float );
          SgFunctionDeclaration SgFunctionParameterList SgInitializedName SgInitializedName 
Unparsed: SgFunctionParameterList 
          SgFunctionParameterList SgInitializedName SgInitializedName 
Unparsed: SgInitializedName 
          SgInitializedName 
Unparsed: SgInitializedName 
          SgInitializedName 
Unparsed: SgFunctionDeclaration extern long double powl(long double ,long double );
          SgFunctionDeclaration SgFunctionParameterList SgInitializedName SgInitializedName 
Unparsed: SgFunctionParameterList 
          SgFunctionParameterList SgInitializedName SgInitializedName 
Unparsed: SgInitializedName 
          SgInitializedName 
Unparsed: SgInitializedName 
          SgInitializedName 
Unparsed: SgFunctionDeclaration extern double hypot(double ,double );
          SgFunctionDeclaration SgFunctionParameterList SgInitializedName SgInitializedName 
Unparsed: SgFunctionParameterList 
          SgFunctionParameterList SgInitializedName SgInitializedName 
Unparsed: SgInitializedName 
          SgInitializedName 
Unparsed: SgInitializedName 
          SgInitializedName 
Unparsed: SgFunctionDeclaration extern float sqrtf(float );
          SgFunctionDeclaration SgFunctionParameterList SgInitializedName 
Unparsed: SgFunctionParameterList 
          SgFunctionParameterList SgInitializedName 
Unparsed: SgInitializedName 
          SgInitializedName 
Unparsed: SgFunctionDeclaration extern long double sqrtl(long double );
          SgFunctionDeclaration SgFunctionParameterList SgInitializedName 
Unparsed: SgFunctionParameterList 
          SgFunctionParameterList SgInitializedName 
Unparsed: SgInitializedName 
          SgInitializedName 
Unparsed: SgFunctionDeclaration extern double cbrt(double );
          SgFunctionDeclaration SgFunctionParameterList SgInitializedName 
Unparsed: SgFunctionParameterList 
          SgFunctionParameterList SgInitializedName 
Unparsed: SgInitializedName 
          SgInitializedName 
Unparsed: SgFunctionDeclaration extern float hypotf(float ,float );
          SgFunctionDeclaration SgFunctionParameterList SgInitializedName SgInitializedName 
Unparsed: SgFunctionParameterList 
          SgFunctionParameterList SgInitializedName SgInitializedName 
Unparsed: SgInitializedName 
          SgInitializedName 
Unparsed: SgInitializedName 
          SgInitializedName 
Unparsed: SgFunctionDeclaration extern long double hypotl(long double ,long double );
          SgFunctionDeclaration SgFunctionParameterList SgInitializedName SgInitializedName 
Unparsed: SgFunctionParameterList 
          SgFunctionParameterList SgInitializedName SgInitializedName 
Unparsed: SgInitializedName 
          SgInitializedName 
Unparsed: SgInitializedName 
          SgInitializedName 
Unparsed: SgFunctionDeclaration extern double ceil(double );
          SgFunctionDeclaration SgFunctionParameterList SgInitializedName 
Unparsed: SgFunctionParameterList 
          SgFunctionParameterList SgInitializedName 
Unparsed: SgInitializedName 
          SgInitializedName 
Unparsed: SgFunctionDeclaration extern float cbrtf(float );
          SgFunctionDeclaration SgFunctionParameterList SgInitializedName 
Unparsed: SgFunctionParameterList 
          SgFunctionParameterList SgInitializedName 
Unparsed: SgInitializedName 
          SgInitializedName 
Unparsed: SgFunctionDeclaration extern long double cbrtl(long double );
          SgFunctionDeclaration SgFunctionParameterList SgInitializedName 
Unparsed: SgFunctionParameterList 
          SgFunctionParameterList SgInitializedName 
Unparsed: SgInitializedName 
          SgInitializedName 
Unparsed: SgFunctionDeclaration extern double fabs(double );
          SgFunctionDeclaration SgFunctionParameterList SgInitializedName 
Unparsed: SgFunctionParameterList 
          SgFunctionParameterList SgInitializedName 
Unparsed: SgInitializedName 
          SgInitializedName 
Unparsed: SgFunctionDeclaration extern float ceilf(float );
          SgFunctionDeclaration SgFunctionParameterList SgInitializedName 
Unparsed: SgFunctionParameterList 
          SgFunctionParameterList SgInitializedName 
Unparsed: SgInitializedName 
          SgInitializedName 
Unparsed: SgFunctionDeclaration extern long double ceill(long double );
          SgFunctionDeclaration SgFunctionParameterList SgInitializedName 
Unparsed: SgFunctionParameterList 
          SgFunctionParameterList SgInitializedName 
Unparsed: SgInitializedName 
          SgInitializedName 
Unparsed: SgFunctionDeclaration extern double floor(double );
          SgFunctionDeclaration SgFunctionParameterList SgInitializedName 
Unparsed: SgFunctionParameterList 
          SgFunctionParameterList SgInitializedName 
Unparsed: SgInitializedName 
          SgInitializedName 
Unparsed: SgFunctionDeclaration extern float fabsf(float );
          SgFunctionDeclaration SgFunctionParameterList SgInitializedName 
Unparsed: SgFunctionParameterList 
          SgFunctionParameterList SgInitializedName 
Unparsed: SgInitializedName 
          SgInitializedName 
Unparsed: SgFunctionDeclaration extern long double fabsl(long double );
          SgFunctionDeclaration SgFunctionParameterList SgInitializedName 
Unparsed: SgFunctionParameterList 
          SgFunctionParameterList SgInitializedName 
Unparsed: SgInitializedName 
          SgInitializedName 
Unparsed: SgFunctionDeclaration extern double fmod(double ,double );
          SgFunctionDeclaration SgFunctionParameterList SgInitializedName SgInitializedName 
Unparsed: SgFunctionParameterList 
          SgFunctionParameterList SgInitializedName SgInitializedName 
Unparsed: SgInitializedName 
          SgInitializedName 
Unparsed: SgInitializedName 
          SgInitializedName 
Unparsed: SgFunctionDeclaration extern float floorf(float );
          SgFunctionDeclaration SgFunctionParameterList SgInitializedName 
Unparsed: SgFunctionParameterList 
          SgFunctionParameterList SgInitializedName 
Unparsed: SgInitializedName 
          SgInitializedName 
Unparsed: SgFunctionDeclaration extern long double floorl(long double );
          SgFunctionDeclaration SgFunctionParameterList SgInitializedName 
Unparsed: SgFunctionParameterList 
          SgFunctionParameterList SgInitializedName 
Unparsed: SgInitializedName 
          SgInitializedName 
Unparsed: SgFunctionDeclaration extern float fmodf(float ,float );
          SgFunctionDeclaration SgFunctionParameterList SgInitializedName SgInitializedName 
Unparsed: SgFunctionParameterList 
          SgFunctionParameterList SgInitializedName SgInitializedName 
Unparsed: SgInitializedName 
          SgInitializedName 
Unparsed: SgInitializedName 
          SgInitializedName 
Unparsed: SgFunctionDeclaration extern long double fmodl(long double ,long double );
          SgFunctionDeclaration SgFunctionParameterList SgInitializedName SgInitializedName 
Unparsed: SgFunctionParameterList 
          SgFunctionParameterList SgInitializedName SgInitializedName 
Unparsed: SgInitializedName 
          SgInitializedName 
Unparsed: SgInitializedName 
          SgInitializedName 
Unparsed: SgFunctionDeclaration extern int finite(double );
          SgFunctionDeclaration SgFunctionParameterList SgInitializedName 
Unparsed: SgFunctionParameterList 
          SgFunctionParameterList SgInitializedName 
Unparsed: SgInitializedName 
          SgInitializedName 
Unparsed: SgFunctionDeclaration extern int finitef(float );
          SgFunctionDeclaration SgFunctionParameterList SgInitializedName 
Unparsed: SgFunctionParameterList 
          SgFunctionParameterList SgInitializedName 
Unparsed: SgInitializedName 
          SgInitializedName 
Unparsed: SgFunctionDeclaration extern int finitel(long double );
          SgFunctionDeclaration SgFunctionParameterList SgInitializedName 
Unparsed: SgFunctionParameterList 
          SgFunctionParameterList SgInitializedName 
Unparsed: SgInitializedName 
          SgInitializedName 
Unparsed: SgFunctionDeclaration extern double copysign(double ,double );
          SgFunctionDeclaration SgFunctionParameterList SgInitializedName SgInitializedName 
Unparsed: SgFunctionParameterList 
          SgFunctionParameterList SgInitializedName SgInitializedName 
Unparsed: SgInitializedName 
          SgInitializedName 
Unparsed: SgInitializedName 
          SgInitializedName 
Unparsed: SgFunctionDeclaration extern double nan(const char *);
          SgFunctionDeclaration SgFunctionParameterList SgInitializedName 
Unparsed: SgFunctionParameterList 
          SgFunctionParameterList SgInitializedName 
Unparsed: SgInitializedName 
          SgInitializedName 
Unparsed: SgFunctionDeclaration extern float copysignf(float ,float );
          SgFunctionDeclaration SgFunctionParameterList SgInitializedName SgInitializedName 
Unparsed: SgFunctionParameterList 
          SgFunctionParameterList SgInitializedName SgInitializedName 
Unparsed: SgInitializedName 
          SgInitializedName 
Unparsed: SgInitializedName 
          SgInitializedName 
Unparsed: SgFunctionDeclaration extern long double copysignl(long double ,long double );
          SgFunctionDeclaration SgFunctionParameterList SgInitializedName SgInitializedName 
Unparsed: SgFunctionParameterList 
          SgFunctionParameterList SgInitializedName SgInitializedName 
Unparsed: SgInitializedName 
          SgInitializedName 
Unparsed: SgInitializedName 
          SgInitializedName 
Unparsed: SgFunctionDeclaration extern float nanf(const char *);
          SgFunctionDeclaration SgFunctionParameterList SgInitializedName 
Unparsed: SgFunctionParameterList 
          SgFunctionParameterList SgInitializedName 
Unparsed: SgInitializedName 
          SgInitializedName 
Unparsed: SgFunctionDeclaration extern long double nanl(const char *);
          SgFunctionDeclaration SgFunctionParameterList SgInitializedName 
Unparsed: SgFunctionParameterList 
          SgFunctionParameterList SgInitializedName 
Unparsed: SgInitializedName 
          SgInitializedName 
Unparsed: SgFunctionDeclaration extern double erf(double );
          SgFunctionDeclaration SgFunctionParameterList SgInitializedName 
Unparsed: SgFunctionParameterList 
          SgFunctionParameterList SgInitializedName 
Unparsed: SgInitializedName 
          SgInitializedName 
Unparsed: SgFunctionDeclaration extern double erfc(double );
          SgFunctionDeclaration SgFunctionParameterList SgInitializedName 
Unparsed: SgFunctionParameterList 
          SgFunctionParameterList SgInitializedName 
Unparsed: SgInitializedName 
          SgInitializedName 
Unparsed: SgFunctionDeclaration extern float erff(float );
          SgFunctionDeclaration SgFunctionParameterList SgInitializedName 
Unparsed: SgFunctionParameterList 
          SgFunctionParameterList SgInitializedName 
Unparsed: SgInitializedName 
          SgInitializedName 
Unparsed: SgFunctionDeclaration extern long double erfl(long double );
          SgFunctionDeclaration SgFunctionParameterList SgInitializedName 
Unparsed: SgFunctionParameterList 
          SgFunctionParameterList SgInitializedName 
Unparsed: SgInitializedName 
          SgInitializedName 
Unparsed: SgFunctionDeclaration extern double lgamma(double );
          SgFunctionDeclaration SgFunctionParameterList SgInitializedName 
Unparsed: SgFunctionParameterList 
          SgFunctionParameterList SgInitializedName 
Unparsed: SgInitializedName 
          SgInitializedName 
Unparsed: SgFunctionDeclaration extern float erfcf(float );
          SgFunctionDeclaration SgFunctionParameterList SgInitializedName 
Unparsed: SgFunctionParameterList 
          SgFunctionParameterList SgInitializedName 
Unparsed: SgInitializedName 
          SgInitializedName 
Unparsed: SgFunctionDeclaration extern long double erfcl(long double );
          SgFunctionDeclaration SgFunctionParameterList SgInitializedName 
Unparsed: SgFunctionParameterList 
          SgFunctionParameterList SgInitializedName 
Unparsed: SgInitializedName 
          SgInitializedName 
Unparsed: SgFunctionDeclaration extern double tgamma(double );
          SgFunctionDeclaration SgFunctionParameterList SgInitializedName 
Unparsed: SgFunctionParameterList 
          SgFunctionParameterList SgInitializedName 
Unparsed: SgInitializedName 
          SgInitializedName 
Unparsed: SgFunctionDeclaration extern float lgammaf(float );
          SgFunctionDeclaration SgFunctionParameterList SgInitializedName 
Unparsed: SgFunctionParameterList 
          SgFunctionParameterList SgInitializedName 
Unparsed: SgInitializedName 
          SgInitializedName 
Unparsed: SgFunctionDeclaration extern long double lgammal(long double );
          SgFunctionDeclaration SgFunctionParameterList SgInitializedName 
Unparsed: SgFunctionParameterList 
          SgFunctionParameterList SgInitializedName 
Unparsed: SgInitializedName 
          SgInitializedName 
Unparsed: SgFunctionDeclaration extern float tgammaf(float );
          SgFunctionDeclaration SgFunctionParameterList SgInitializedName 
Unparsed: SgFunctionParameterList 
          SgFunctionParameterList SgInitializedName 
Unparsed: SgInitializedName 
          SgInitializedName 
Unparsed: SgFunctionDeclaration extern long double tgammal(long double );
          SgFunctionDeclaration SgFunctionParameterList SgInitializedName 
Unparsed: SgFunctionParameterList 
          SgFunctionParameterList SgInitializedName 
Unparsed: SgInitializedName 
          SgInitializedName 
Unparsed: SgFunctionDeclaration extern double rint(double );
          SgFunctionDeclaration SgFunctionParameterList SgInitializedName 
Unparsed: SgFunctionParameterList 
          SgFunctionParameterList SgInitializedName 
Unparsed: SgInitializedName 
          SgInitializedName 
Unparsed: SgFunctionDeclaration extern double nextafter(double ,double );
          SgFunctionDeclaration SgFunctionParameterList SgInitializedName SgInitializedName 
Unparsed: SgFunctionParameterList 
          SgFunctionParameterList SgInitializedName SgInitializedName 
Unparsed: SgInitializedName 
          SgInitializedName 
Unparsed: SgInitializedName 
          SgInitializedName 
Unparsed: SgFunctionDeclaration extern float rintf(float );
          SgFunctionDeclaration SgFunctionParameterList SgInitializedName 
Unparsed: SgFunctionParameterList 
          SgFunctionParameterList SgInitializedName 
Unparsed: SgInitializedName 
          SgInitializedName 
Unparsed: SgFunctionDeclaration extern long double rintl(long double );
          SgFunctionDeclaration SgFunctionParameterList SgInitializedName 
Unparsed: SgFunctionParameterList 
          SgFunctionParameterList SgInitializedName 
Unparsed: SgInitializedName 
          SgInitializedName 
Unparsed: SgFunctionDeclaration extern double nexttoward(double ,long double );
          SgFunctionDeclaration SgFunctionParameterList SgInitializedName SgInitializedName 
Unparsed: SgFunctionParameterList 
          SgFunctionParameterList SgInitializedName SgInitializedName 
Unparsed: SgInitializedName 
          SgInitializedName 
Unparsed: SgInitializedName 
          SgInitializedName 
Unparsed: SgFunctionDeclaration extern float nextafterf(float ,float );
          SgFunctionDeclaration SgFunctionParameterList SgInitializedName SgInitializedName 
Unparsed: SgFunctionParameterList 
          SgFunctionParameterList SgInitializedName SgInitializedName 
Unparsed: SgInitializedName 
          SgInitializedName 
Unparsed: SgInitializedName 
          SgInitializedName 
Unparsed: SgFunctionDeclaration extern long double nextafterl(long double ,long double );
          SgFunctionDeclaration SgFunctionParameterList SgInitializedName SgInitializedName 
Unparsed: SgFunctionParameterList 
          SgFunctionParameterList SgInitializedName SgInitializedName 
Unparsed: SgInitializedName 
          SgInitializedName 
Unparsed: SgInitializedName 
          SgInitializedName 
Unparsed: SgFunctionDeclaration extern double remainder(double ,double );
          SgFunctionDeclaration SgFunctionParameterList SgInitializedName SgInitializedName 
Unparsed: SgFunctionParameterList 
          SgFunctionParameterList SgInitializedName SgInitializedName 
Unparsed: SgInitializedName 
          SgInitializedName 
Unparsed: SgInitializedName 
          SgInitializedName 
Unparsed: SgFunctionDeclaration extern float nexttowardf(float ,long double );
          SgFunctionDeclaration SgFunctionParameterList SgInitializedName SgInitializedName 
Unparsed: SgFunctionParameterList 
          SgFunctionParameterList SgInitializedName SgInitializedName 
Unparsed: SgInitializedName 
          SgInitializedName 
Unparsed: SgInitializedName 
          SgInitializedName 
Unparsed: SgFunctionDeclaration extern long double nexttowardl(long double ,long double );
          SgFunctionDeclaration SgFunctionParameterList SgInitializedName SgInitializedName 
Unparsed: SgFunctionParameterList 
          SgFunctionParameterList SgInitializedName SgInitializedName 
Unparsed: SgInitializedName 
          SgInitializedName 
Unparsed: SgInitializedName 
          SgInitializedName 
Unparsed: SgFunctionDeclaration extern double scalbn(double ,int );
          SgFunctionDeclaration SgFunctionParameterList SgInitializedName SgInitializedName 
Unparsed: SgFunctionParameterList 
          SgFunctionParameterList SgInitializedName SgInitializedName 
Unparsed: SgInitializedName 
          SgInitializedName 
Unparsed: SgInitializedName 
          SgInitializedName 
Unparsed: SgFunctionDeclaration extern float remainderf(float ,float );
          SgFunctionDeclaration SgFunctionParameterList SgInitializedName SgInitializedName 
Unparsed: SgFunctionParameterList 
          SgFunctionParameterList SgInitializedName SgInitializedName 
Unparsed: SgInitializedName 
          SgInitializedName 
Unparsed: SgInitializedName 
          SgInitializedName 
Unparsed: SgFunctionDeclaration extern long double remainderl(long double ,long double );
          SgFunctionDeclaration SgFunctionParameterList SgInitializedName SgInitializedName 
Unparsed: SgFunctionParameterList 
          SgFunctionParameterList SgInitializedName SgInitializedName 
Unparsed: SgInitializedName 
          SgInitializedName 
Unparsed: SgInitializedName 
          SgInitializedName 
Unparsed: SgFunctionDeclaration extern int ilogb(double );
          SgFunctionDeclaration SgFunctionParameterList SgInitializedName 
Unparsed: SgFunctionParameterList 
          SgFunctionParameterList SgInitializedName 
Unparsed: SgInitializedName 
          SgInitializedName 
Unparsed: SgFunctionDeclaration extern float scalbnf(float ,int );
          SgFunctionDeclaration SgFunctionParameterList SgInitializedName SgInitializedName 
Unparsed: SgFunctionParameterList 
          SgFunctionParameterList SgInitializedName SgInitializedName 
Unparsed: SgInitializedName 
          SgInitializedName 
Unparsed: SgInitializedName 
          SgInitializedName 
Unparsed: SgFunctionDeclaration extern long double scalbnl(long double ,int );
          SgFunctionDeclaration SgFunctionParameterList SgInitializedName SgInitializedName 
Unparsed: SgFunctionParameterList 
          SgFunctionParameterList SgInitializedName SgInitializedName 
Unparsed: SgInitializedName 
          SgInitializedName 
Unparsed: SgInitializedName 
          SgInitializedName 
Unparsed: SgFunctionDeclaration extern double scalbln(double ,long );
          SgFunctionDeclaration SgFunctionParameterList SgInitializedName SgInitializedName 
Unparsed: SgFunctionParameterList 
          SgFunctionParameterList SgInitializedName SgInitializedName 
Unparsed: SgInitializedName 
          SgInitializedName 
Unparsed: SgInitializedName 
          SgInitializedName 
Unparsed: SgFunctionDeclaration extern int ilogbf(float );
          SgFunctionDeclaration SgFunctionParameterList SgInitializedName 
Unparsed: SgFunctionParameterList 
          SgFunctionParameterList SgInitializedName 
Unparsed: SgInitializedName 
          SgInitializedName 
Unparsed: SgFunctionDeclaration extern int ilogbl(long double );
          SgFunctionDeclaration SgFunctionParameterList SgInitializedName 
Unparsed: SgFunctionParameterList 
          SgFunctionParameterList SgInitializedName 
Unparsed: SgInitializedName 
          SgInitializedName 
Unparsed: SgFunctionDeclaration extern double nearbyint(double );
          SgFunctionDeclaration SgFunctionParameterList SgInitializedName 
Unparsed: SgFunctionParameterList 
          SgFunctionParameterList SgInitializedName 
Unparsed: SgInitializedName 
          SgInitializedName 
Unparsed: SgFunctionDeclaration extern float scalblnf(float ,long );
          SgFunctionDeclaration SgFunctionParameterList SgInitializedName SgInitializedName 
Unparsed: SgFunctionParameterList 
          SgFunctionParameterList SgInitializedName SgInitializedName 
Unparsed: SgInitializedName 
          SgInitializedName 
Unparsed: SgInitializedName 
          SgInitializedName 
Unparsed: SgFunctionDeclaration extern long double scalblnl(long double ,long );
          SgFunctionDeclaration SgFunctionParameterList SgInitializedName SgInitializedName 
Unparsed: SgFunctionParameterList 
          SgFunctionParameterList SgInitializedName SgInitializedName 
Unparsed: SgInitializedName 
          SgInitializedName 
Unparsed: SgInitializedName 
          SgInitializedName 
Unparsed: SgFunctionDeclaration extern double round(double );
          SgFunctionDeclaration SgFunctionParameterList SgInitializedName 
Unparsed: SgFunctionParameterList 
          SgFunctionParameterList SgInitializedName 
Unparsed: SgInitializedName 
          SgInitializedName 
Unparsed: SgFunctionDeclaration extern float nearbyintf(float );
          SgFunctionDeclaration SgFunctionParameterList SgInitializedName 
Unparsed: SgFunctionParameterList 
          SgFunctionParameterList SgInitializedName 
Unparsed: SgInitializedName 
          SgInitializedName 
Unparsed: SgFunctionDeclaration extern long double nearbyintl(long double );
          SgFunctionDeclaration SgFunctionParameterList SgInitializedName 
Unparsed: SgFunctionParameterList 
          SgFunctionParameterList SgInitializedName 
Unparsed: SgInitializedName 
          SgInitializedName 
Unparsed: SgFunctionDeclaration extern double trunc(double );
          SgFunctionDeclaration SgFunctionParameterList SgInitializedName 
Unparsed: SgFunctionParameterList 
          SgFunctionParameterList SgInitializedName 
Unparsed: SgInitializedName 
          SgInitializedName 
Unparsed: SgFunctionDeclaration extern float roundf(float );
          SgFunctionDeclaration SgFunctionParameterList SgInitializedName 
Unparsed: SgFunctionParameterList 
          SgFunctionParameterList SgInitializedName 
Unparsed: SgInitializedName 
          SgInitializedName 
Unparsed: SgFunctionDeclaration extern long double roundl(long double );
          SgFunctionDeclaration SgFunctionParameterList SgInitializedName 
Unparsed: SgFunctionParameterList 
          SgFunctionParameterList SgInitializedName 
Unparsed: SgInitializedName 
          SgInitializedName 
Unparsed: SgFunctionDeclaration extern double remquo(double ,double ,int *);
          SgFunctionDeclaration SgFunctionParameterList SgInitializedName SgInitializedName SgInitializedName 
Unparsed: SgFunctionParameterList 
          SgFunctionParameterList SgInitializedName SgInitializedName SgInitializedName 
Unparsed: SgInitializedName 
          SgInitializedName 
Unparsed: SgInitializedName 
          SgInitializedName 
Unparsed: SgInitializedName 
          SgInitializedName 
Unparsed: SgFunctionDeclaration extern float truncf(float );
          SgFunctionDeclaration SgFunctionParameterList SgInitializedName 
Unparsed: SgFunctionParameterList 
          SgFunctionParameterList SgInitializedName 
Unparsed: SgInitializedName 
          SgInitializedName 
Unparsed: SgFunctionDeclaration extern long double truncl(long double );
          SgFunctionDeclaration SgFunctionParameterList SgInitializedName 
Unparsed: SgFunctionParameterList 
          SgFunctionParameterList SgInitializedName 
Unparsed: SgInitializedName 
          SgInitializedName 
Unparsed: SgFunctionDeclaration extern long lrint(double );
          SgFunctionDeclaration SgFunctionParameterList SgInitializedName 
Unparsed: SgFunctionParameterList 
          SgFunctionParameterList SgInitializedName 
Unparsed: SgInitializedName 
          SgInitializedName 
Unparsed: SgFunctionDeclaration extern float remquof(float ,float ,int *);
          SgFunctionDeclaration SgFunctionParameterList SgInitializedName SgInitializedName SgInitializedName 
Unparsed: SgFunctionParameterList 
          SgFunctionParameterList SgInitializedName SgInitializedName SgInitializedName 
Unparsed: SgInitializedName 
          SgInitializedName 
Unparsed: SgInitializedName 
          SgInitializedName 
Unparsed: SgInitializedName 
          SgInitializedName 
Unparsed: SgFunctionDeclaration extern long double remquol(long double ,long double ,int *);
          SgFunctionDeclaration SgFunctionParameterList SgInitializedName SgInitializedName SgInitializedName 
Unparsed: SgFunctionParameterList 
          SgFunctionParameterList SgInitializedName SgInitializedName SgInitializedName 
Unparsed: SgInitializedName 
          SgInitializedName 
Unparsed: SgInitializedName 
          SgInitializedName 
Unparsed: SgInitializedName 
          SgInitializedName 
Unparsed: SgFunctionDeclaration extern long long llrint(double );
          SgFunctionDeclaration SgFunctionParameterList SgInitializedName 
Unparsed: SgFunctionParameterList 
          SgFunctionParameterList SgInitializedName 
Unparsed: SgInitializedName 
          SgInitializedName 
Unparsed: SgFunctionDeclaration extern long lrintf(float );
          SgFunctionDeclaration SgFunctionParameterList SgInitializedName 
Unparsed: SgFunctionParameterList 
          SgFunctionParameterList SgInitializedName 
Unparsed: SgInitializedName 
          SgInitializedName 
Unparsed: SgFunctionDeclaration extern long lrintl(long double );
          SgFunctionDeclaration SgFunctionParameterList SgInitializedName 
Unparsed: SgFunctionParameterList 
          SgFunctionParameterList SgInitializedName 
Unparsed: SgInitializedName 
          SgInitializedName 
Unparsed: SgFunctionDeclaration extern long lround(double );
          SgFunctionDeclaration SgFunctionParameterList SgInitializedName 
Unparsed: SgFunctionParameterList 
          SgFunctionParameterList SgInitializedName 
Unparsed: SgInitializedName 
          SgInitializedName 
Unparsed: SgFunctionDeclaration extern long long llrintf(float );
          SgFunctionDeclaration SgFunctionParameterList SgInitializedName 
Unparsed: SgFunctionParameterList 
          SgFunctionParameterList SgInitializedName 
Unparsed: SgInitializedName 
          SgInitializedName 
Unparsed: SgFunctionDeclaration extern long long llrintl(long double );
          SgFunctionDeclaration SgFunctionParameterList SgInitializedName 
Unparsed: SgFunctionParameterList 
          SgFunctionParameterList SgInitializedName 
Unparsed: SgInitializedName 
          SgInitializedName 
Unparsed: SgFunctionDeclaration extern long long llround(double );
          SgFunctionDeclaration SgFunctionParameterList SgInitializedName 
Unparsed: SgFunctionParameterList 
          SgFunctionParameterList SgInitializedName 
Unparsed: SgInitializedName 
          SgInitializedName 
Unparsed: SgFunctionDeclaration extern long lroundf(float );
          SgFunctionDeclaration SgFunctionParameterList SgInitializedName 
Unparsed: SgFunctionParameterList 
          SgFunctionParameterList SgInitializedName 
Unparsed: SgInitializedName 
          SgInitializedName 
Unparsed: SgFunctionDeclaration extern long lroundl(long double );
          SgFunctionDeclaration SgFunctionParameterList SgInitializedName 
Unparsed: SgFunctionParameterList 
          SgFunctionParameterList SgInitializedName 
Unparsed: SgInitializedName 
          SgInitializedName 
Unparsed: SgFunctionDeclaration extern double fdim(double ,double );
          SgFunctionDeclaration SgFunctionParameterList SgInitializedName SgInitializedName 
Unparsed: SgFunctionParameterList 
          SgFunctionParameterList SgInitializedName SgInitializedName 
Unparsed: SgInitializedName 
          SgInitializedName 
Unparsed: SgInitializedName 
          SgInitializedName 
Unparsed: SgFunctionDeclaration extern long long llroundf(float );
          SgFunctionDeclaration SgFunctionParameterList SgInitializedName 
Unparsed: SgFunctionParameterList 
          SgFunctionParameterList SgInitializedName 
Unparsed: SgInitializedName 
          SgInitializedName 
Unparsed: SgFunctionDeclaration extern long long llroundl(long double );
          SgFunctionDeclaration SgFunctionParameterList SgInitializedName 
Unparsed: SgFunctionParameterList 
          SgFunctionParameterList SgInitializedName 
Unparsed: SgInitializedName 
          SgInitializedName 
Unparsed: SgFunctionDeclaration extern double fmax(double ,double );
          SgFunctionDeclaration SgFunctionParameterList SgInitializedName SgInitializedName 
Unparsed: SgFunctionParameterList 
          SgFunctionParameterList SgInitializedName SgInitializedName 
Unparsed: SgInitializedName 
          SgInitializedName 
Unparsed: SgInitializedName 
          SgInitializedName 
Unparsed: SgFunctionDeclaration extern float fdimf(float ,float );
          SgFunctionDeclaration SgFunctionParameterList SgInitializedName SgInitializedName 
Unparsed: SgFunctionParameterList 
          SgFunctionParameterList SgInitializedName SgInitializedName 
Unparsed: SgInitializedName 
          SgInitializedName 
Unparsed: SgInitializedName 
          SgInitializedName 
Unparsed: SgFunctionDeclaration extern long double fdiml(long double ,long double );
          SgFunctionDeclaration SgFunctionParameterList SgInitializedName SgInitializedName 
Unparsed: SgFunctionParameterList 
          SgFunctionParameterList SgInitializedName SgInitializedName 
Unparsed: SgInitializedName 
          SgInitializedName 
Unparsed: SgInitializedName 
          SgInitializedName 
Unparsed: SgFunctionDeclaration extern double fmin(double ,double );
          SgFunctionDeclaration SgFunctionParameterList SgInitializedName SgInitializedName 
Unparsed: SgFunctionParameterList 
          SgFunctionParameterList SgInitializedName SgInitializedName 
Unparsed: SgInitializedName 
          SgInitializedName 
Unparsed: SgInitializedName 
          SgInitializedName 
Unparsed: SgFunctionDeclaration extern float fmaxf(float ,float );
          SgFunctionDeclaration SgFunctionParameterList SgInitializedName SgInitializedName 
Unparsed: SgFunctionParameterList 
          SgFunctionParameterList SgInitializedName SgInitializedName 
Unparsed: SgInitializedName 
          SgInitializedName 
Unparsed: SgInitializedName 
          SgInitializedName 
Unparsed: SgFunctionDeclaration extern long double fmaxl(long double ,long double );
          SgFunctionDeclaration SgFunctionParameterList SgInitializedName SgInitializedName 
Unparsed: SgFunctionParameterList 
          SgFunctionParameterList SgInitializedName SgInitializedName 
Unparsed: SgInitializedName 
          SgInitializedName 
Unparsed: SgInitializedName 
          SgInitializedName 
Unparsed: SgFunctionDeclaration extern double fma(double ,double ,double );
          SgFunctionDeclaration SgFunctionParameterList SgInitializedName SgInitializedName SgInitializedName 
Unparsed: SgFunctionParameterList 
          SgFunctionParameterList SgInitializedName SgInitializedName SgInitializedName 
Unparsed: SgInitializedName 
          SgInitializedName 
Unparsed: SgInitializedName 
          SgInitializedName 
Unparsed: SgInitializedName 
          SgInitializedName 
Unparsed: SgFunctionDeclaration extern float fminf(float ,float );
          SgFunctionDeclaration SgFunctionParameterList SgInitializedName SgInitializedName 
Unparsed: SgFunctionParameterList 
          SgFunctionParameterList SgInitializedName SgInitializedName 
Unparsed: SgInitializedName 
          SgInitializedName 
Unparsed: SgInitializedName 
          SgInitializedName 
Unparsed: SgFunctionDeclaration extern long double fminl(long double ,long double );
          SgFunctionDeclaration SgFunctionParameterList SgInitializedName SgInitializedName 
Unparsed: SgFunctionParameterList 
          SgFunctionParameterList SgInitializedName SgInitializedName 
Unparsed: SgInitializedName 
          SgInitializedName 
Unparsed: SgInitializedName 
          SgInitializedName 
Unparsed: SgFunctionDeclaration extern float fmaf(float ,float ,float );
          SgFunctionDeclaration SgFunctionParameterList SgInitializedName SgInitializedName SgInitializedName 
Unparsed: SgFunctionParameterList 
          SgFunctionParameterList SgInitializedName SgInitializedName SgInitializedName 
Unparsed: SgInitializedName 
          SgInitializedName 
Unparsed: SgInitializedName 
          SgInitializedName 
Unparsed: SgInitializedName 
          SgInitializedName 
Unparsed: SgFunctionDeclaration extern long double fmal(long double ,long double ,long double );
          SgFunctionDeclaration SgFunctionParameterList SgInitializedName SgInitializedName SgInitializedName 
Unparsed: SgFunctionParameterList 
          SgFunctionParameterList SgInitializedName SgInitializedName SgInitializedName 
Unparsed: SgInitializedName 
          SgInitializedName 
Unparsed: SgInitializedName 
          SgInitializedName 
Unparsed: SgInitializedName 
          SgInitializedName 
Unparsed: SgVariableDeclaration extern int signgam;
          SgVariableDeclaration SgInitializedName 
Unparsed: SgInitializedName signgam
          SgInitializedName 
Unparsed: SgFunctionDeclaration int foo(){double A4;double MmP;double lP;double Lambdasun;A4 = Lambdasun - 0.1114041 * A4 - Lambdasun - 360.0 * floor((Lambdasun - 0.1114041 * A4 - Lambdasun) / 360.0);return 0;}
          SgFunctionDeclaration SgFunctionParameterList SgFunctionDefinition SgBasicBlock SgVariableDeclaration SgInitializedName SgVariableDeclaration SgInitializedName SgVariableDeclaration SgInitializedName SgVariableDeclaration SgInitializedName SgExprStatement SgVarRefExp SgAssignOp SgVarRefExp SgSubtractOp SgDoubleVal 0.1114041 SgMultiplyOp SgVarRefExp SgSubtractOp SgVarRefExp SgSubtractOp SgDoubleVal 360.0 SgMultiplyOp SgFunctionRefExp SgFunctionCallExp SgVarRefExp SgSubtractOp SgDoubleVal 0.1114041 SgMultiplyOp SgVarRefExp SgSubtractOp SgVarRefExp SgDivideOp SgDoubleVal 360.0 SgExprListExp SgReturnStmt SgIntVal 0 
Unparsed: SgFunctionParameterList 
          SgFunctionParameterList 
Unparsed: SgFunctionDefinition int foo(){double A4;double MmP;double lP;double Lambdasun;A4 = Lambdasun - 0.1114041 * A4 - Lambdasun - 360.0 * floor((Lambdasun - 0.1114041 * A4 - Lambdasun) / 360.0);return 0;}
          SgFunctionDefinition SgBasicBlock SgVariableDeclaration SgInitializedName SgVariableDeclaration SgInitializedName SgVariableDeclaration SgInitializedName SgVariableDeclaration SgInitializedName SgExprStatement SgVarRefExp SgAssignOp SgVarRefExp SgSubtractOp SgDoubleVal 0.1114041 SgMultiplyOp SgVarRefExp SgSubtractOp SgVarRefExp SgSubtractOp SgDoubleVal 360.0 SgMultiplyOp SgFunctionRefExp SgFunctionCallExp SgVarRefExp SgSubtractOp SgDoubleVal 0.1114041 SgMultiplyOp SgVarRefExp SgSubtractOp SgVarRefExp SgDivideOp SgDoubleVal 360.0 SgExprListExp SgReturnStmt SgIntVal 0 
Unparsed: SgBasicBlock {double A4;double MmP;double lP;double Lambdasun;A4 = Lambdasun - 0.1114041 * A4 - Lambdasun - 360.0 * floor((Lambdasun - 0.1114041 * A4 - Lambdasun) / 360.0);return 0;}
          SgBasicBlock SgVariableDeclaration SgInitializedName SgVariableDeclaration SgInitializedName SgVariableDeclaration SgInitializedName SgVariableDeclaration SgInitializedName SgExprStatement SgVarRefExp SgAssignOp SgVarRefExp SgSubtractOp SgDoubleVal 0.1114041 SgMultiplyOp SgVarRefExp SgSubtractOp SgVarRefExp SgSubtractOp SgDoubleVal 360.0 SgMultiplyOp SgFunctionRefExp SgFunctionCallExp SgVarRefExp SgSubtractOp SgDoubleVal 0.1114041 SgMultiplyOp SgVarRefExp SgSubtractOp SgVarRefExp SgDivideOp SgDoubleVal 360.0 SgExprListExp SgReturnStmt SgIntVal 0 
Unparsed: SgVariableDeclaration double A4;
          SgVariableDeclaration SgInitializedName 
Unparsed: SgInitializedName A4
          SgInitializedName 
Unparsed: SgVariableDeclaration double MmP;
          SgVariableDeclaration SgInitializedName 
Unparsed: SgInitializedName MmP
          SgInitializedName 
Unparsed: SgVariableDeclaration double lP;
          SgVariableDeclaration SgInitializedName 
Unparsed: SgInitializedName lP
          SgInitializedName 
Unparsed: SgVariableDeclaration double Lambdasun;
          SgVariableDeclaration SgInitializedName 
Unparsed: SgInitializedName Lambdasun
          SgInitializedName 
Unparsed: SgExprStatement A4 = Lambdasun - 0.1114041 * A4 - Lambdasun - 360.0 * floor((Lambdasun - 0.1114041 * A4 - Lambdasun) / 360.0);
          SgExprStatement SgVarRefExp SgAssignOp SgVarRefExp SgSubtractOp SgDoubleVal 0.1114041 SgMultiplyOp SgVarRefExp SgSubtractOp SgVarRefExp SgSubtractOp SgDoubleVal 360.0 SgMultiplyOp SgFunctionRefExp SgFunctionCallExp SgVarRefExp SgSubtractOp SgDoubleVal 0.1114041 SgMultiplyOp SgVarRefExp SgSubtractOp SgVarRefExp SgDivideOp SgDoubleVal 360.0 SgExprListExp 
Unparsed: SgAssignOp A4 = Lambdasun - 0.1114041 * A4 - Lambdasun - 360.0 * floor((Lambdasun - 0.1114041 * A4 - Lambdasun) / 360.0)
          SgVarRefExp SgAssignOp SgVarRefExp SgSubtractOp SgDoubleVal 0.1114041 SgMultiplyOp SgVarRefExp SgSubtractOp SgVarRefExp SgSubtractOp SgDoubleVal 360.0 SgMultiplyOp SgFunctionRefExp SgFunctionCallExp SgVarRefExp SgSubtractOp SgDoubleVal 0.1114041 SgMultiplyOp SgVarRefExp SgSubtractOp SgVarRefExp SgDivideOp SgDoubleVal 360.0 SgExprListExp 
Unparsed: SgVarRefExp A4
          SgVarRefExp 
Unparsed: SgSubtractOp Lambdasun - 0.1114041 * A4 - Lambdasun - 360.0 * floor((Lambdasun - 0.1114041 * A4 - Lambdasun) / 360.0)
          SgVarRefExp SgSubtractOp SgDoubleVal 0.1114041 SgMultiplyOp SgVarRefExp SgSubtractOp SgVarRefExp SgSubtractOp SgDoubleVal 360.0 SgMultiplyOp SgFunctionRefExp SgFunctionCallExp SgVarRefExp SgSubtractOp SgDoubleVal 0.1114041 SgMultiplyOp SgVarRefExp SgSubtractOp SgVarRefExp SgDivideOp SgDoubleVal 360.0 SgExprListExp 
Unparsed: SgSubtractOp Lambdasun - 0.1114041 * A4 - Lambdasun
          SgVarRefExp SgSubtractOp SgDoubleVal 0.1114041 SgMultiplyOp SgVarRefExp SgSubtractOp SgVarRefExp 
Unparsed: SgSubtractOp Lambdasun - 0.1114041 * A4
          SgVarRefExp SgSubtractOp SgDoubleVal 0.1114041 SgMultiplyOp SgVarRefExp 
Unparsed: SgVarRefExp Lambdasun
          SgVarRefExp 
Unparsed: SgMultiplyOp 0.1114041 * A4
          SgDoubleVal 0.1114041 SgMultiplyOp SgVarRefExp 
Unparsed: SgDoubleVal 0.1114041
          SgDoubleVal 0.1114041 
Unparsed: SgVarRefExp A4
          SgVarRefExp 
Unparsed: SgVarRefExp Lambdasun
          SgVarRefExp 
Unparsed: SgMultiplyOp 360.0 * floor((Lambdasun - 0.1114041 * A4 - Lambdasun) / 360.0)
          SgDoubleVal 360.0 SgMultiplyOp SgFunctionRefExp SgFunctionCallExp SgVarRefExp SgSubtractOp SgDoubleVal 0.1114041 SgMultiplyOp SgVarRefExp SgSubtractOp SgVarRefExp SgDivideOp SgDoubleVal 360.0 SgExprListExp 
Unparsed: SgDoubleVal 360.0
          SgDoubleVal 360.0 
Unparsed: SgFunctionCallExp floor((Lambdasun - 0.1114041 * A4 - Lambdasun) / 360.0)
          SgFunctionCallExp SgFunctionRefExp SgVarRefExp SgSubtractOp SgDoubleVal 0.1114041 SgMultiplyOp SgVarRefExp SgSubtractOp SgVarRefExp SgDivideOp SgDoubleVal 360.0 SgExprListExp 
Unparsed: SgFunctionRefExp floor
          SgFunctionRefExp 
Unparsed: SgExprListExp (Lambdasun - 0.1114041 * A4 - Lambdasun) / 360.0
          SgVarRefExp SgSubtractOp SgDoubleVal 0.1114041 SgMultiplyOp SgVarRefExp SgSubtractOp SgVarRefExp SgDivideOp SgDoubleVal 360.0 SgExprListExp 
Unparsed: SgDivideOp (Lambdasun - 0.1114041 * A4 - Lambdasun) / 360.0
          SgVarRefExp SgSubtractOp SgDoubleVal 0.1114041 SgMultiplyOp SgVarRefExp SgSubtractOp SgVarRefExp SgDivideOp SgDoubleVal 360.0 
Unparsed: SgSubtractOp (Lambdasun - 0.1114041 * A4 - Lambdasun)
          SgVarRefExp SgSubtractOp SgDoubleVal 0.1114041 SgMultiplyOp SgVarRefExp SgSubtractOp SgVarRefExp 
Unparsed: SgSubtractOp Lambdasun - 0.1114041 * A4
          SgVarRefExp SgSubtractOp SgDoubleVal 0.1114041 SgMultiplyOp SgVarRefExp 
Unparsed: SgVarRefExp Lambdasun
          SgVarRefExp 
Unparsed: SgMultiplyOp 0.1114041 * A4
          SgDoubleVal 0.1114041 SgMultiplyOp SgVarRefExp 
Unparsed: SgDoubleVal 0.1114041
          SgDoubleVal 0.1114041 
Unparsed: SgVarRefExp A4
          SgVarRefExp 
Unparsed: SgVarRefExp Lambdasun
          SgVarRefExp 
Unparsed: SgDoubleVal 360.0
          SgDoubleVal 360.0 
Unparsed: SgReturnStmt return 0;
          SgReturnStmt SgIntVal 0 
Unparsed: SgIntVal 0
          SgIntVal 0 
Unparsed: SgEmptyDeclaration 
          SgEmptyDeclaration 
